------------------------------------------------------------
TimeQuest Timing Analyzer Summary
------------------------------------------------------------

Type  : Slow 1200mV 85C Model Setup 'gclk'
Slack : -1.829
TNS   : -17.859

Type  : Slow 1200mV 85C Model Hold 'gclk'
Slack : 0.386
TNS   : 0.000

Type  : Slow 1200mV 85C Model Recovery 'gclk'
Slack : -1.068
TNS   : -10.528

Type  : Slow 1200mV 85C Model Removal 'gclk'
Slack : 0.931
TNS   : 0.000

Type  : Slow 1200mV 85C Model Minimum Pulse Width 'gclk'
Slack : -3.000
TNS   : -24.845

Type  : Slow 1200mV 0C Model Setup 'gclk'
Slack : -1.580
TNS   : -14.674

Type  : Slow 1200mV 0C Model Hold 'gclk'
Slack : 0.340
TNS   : 0.000

Type  : Slow 1200mV 0C Model Recovery 'gclk'
Slack : -0.859
TNS   : -8.298

Type  : Slow 1200mV 0C Model Removal 'gclk'
Slack : 0.838
TNS   : 0.000

Type  : Slow 1200mV 0C Model Minimum Pulse Width 'gclk'
Slack : -3.000
TNS   : -24.845

Type  : Fast 1200mV 0C Model Setup 'gclk'
Slack : -0.348
TNS   : -1.369

Type  : Fast 1200mV 0C Model Hold 'gclk'
Slack : 0.175
TNS   : 0.000

Type  : Fast 1200mV 0C Model Recovery 'gclk'
Slack : -0.030
TNS   : -0.102

Type  : Fast 1200mV 0C Model Removal 'gclk'
Slack : 0.449
TNS   : 0.000

Type  : Fast 1200mV 0C Model Minimum Pulse Width 'gclk'
Slack : -3.000
TNS   : -21.100

------------------------------------------------------------
